
========================================
[EMAIL SEND EVENT]
Timestamp: 2026-06-17T12:09:42.150Z
To: integration_test@singh.com
Subject: 🍰 Welcome!
----------------------------------------
HTML Body:
<p>Welcome to our integration test!</p>
----------------------------------------
Text Content:
Welcome to our integration test!
========================================

========================================
[EMAIL SEND EVENT]
Timestamp: 2026-06-17T12:21:51.592Z
To: ashish.test@gmail.com
Subject: 🍰 Welcome to Singh Cake Delight!
----------------------------------------
HTML Body:

        <div style="font-family: Arial, sans-serif; line-height: 1.6; color: #2D1E17; max-width: 600px; margin: 0 auto; border: 1px solid #e6c5a3; border-radius: 12px; padding: 24px;">
          <div style="text-align: center; border-bottom: 1px solid #e6c5a3; padding-bottom: 16px; margin-bottom: 20px;">
            <h1 style="color: #d946ef; margin: 0; font-family: Georgia, serif;">Singh Cake Delight</h1>
            <p style="margin: 4px 0 0; text-transform: uppercase; font-size: 11px; tracking-wide; color: #8a634e; font-weight: bold;">Pure Eggless Handcrafted Cakes</p>
          </div>
          <h2>Welcome to Singh Cake Delight, Ashish Test!</h2>
          <p>We are absolutely thrilled to welcome you to our family. Your account has been registered successfully.</p>
          <p>You can now browse our signature delights, place pre-orders at least 6 days in advance, and check your booking statuses and history directly from your profile drawer in the navbar.</p>
          
          <div style="background-color: #fcf9f5; border: 1px solid #eedecf; border-radius: 8px; padding: 14px; margin: 20px 0; font-size: 14px;">
            <strong>Registered Account Details:</strong>
            <ul style="margin: 8px 0 0; padding-left: 20px;">
              <li>Name: Ashish Test</li>
              <li>Email: ashish.test@gmail.com</li>
              <li>Phone: 9877792681</li>
            </ul>
          </div>
          
          <p>Best regards,<br/>Singh Cake Delight Team</p>
        </div>
      
----------------------------------------
Text Content:

        
          
            Singh Cake Delight
            Pure Eggless Handcrafted Cakes
          
          Welcome to Singh Cake Delight, Ashish Test!
          We are absolutely thrilled to welcome you to our family. Your account has been registered successfully.
          You can now browse our signature delights, place pre-orders at least 6 days in advance, and check your booking statuses and history directly from your profile drawer in the navbar.
          
          
            Registered Account Details:
            
              Name: Ashish Test
              Email: ashish.test@gmail.com
              Phone: 9877792681
            
          
          
          Best regards,Singh Cake Delight Team
        
      
========================================

========================================
[EMAIL SEND EVENT]
Timestamp: 2026-06-17T12:49:47.206Z
To: ashish.test@gmail.com
Subject: 🍰 Singh Cake Delight - Order Request Submitted! (#3)
----------------------------------------
HTML Body:

          <div style="font-family: Arial, sans-serif; line-height: 1.6; color: #2D1E17; max-width: 600px; margin: 0 auto; border: 1px solid #e6c5a3; border-radius: 12px; padding: 24px;">
            <div style="text-align: center; border-bottom: 1px solid #e6c5a3; padding-bottom: 16px; margin-bottom: 20px;">
              <h1 style="color: #d946ef; margin: 0; font-family: Georgia, serif;">Singh Cake Delight</h1>
              <p style="margin: 4px 0 0; text-transform: uppercase; font-size: 11px; tracking-wide; color: #8a634e; font-weight: bold;">Pure Eggless Handcrafted Cakes</p>
            </div>
            <h2 style="color: #2D1E17; margin-top: 0;">Order Request Submitted Successfully!</h2>
            <p>Dear <strong>Ashish Test</strong>,</p>
            <p>Thank you for submitting your order request. We have safely recorded your booking in our system. Here are the details:</p>
            
            <div style="background-color: #fcf9f5; border: 1px solid #eedecf; border-radius: 8px; padding: 16px; margin: 20px 0;">
              <table style="width: 100%; border-collapse: collapse;">
                <tr>
                  <td style="padding: 6px 0; font-weight: bold; width: 140px;">Order ID:</td>
                  <td style="padding: 6px 0;">#3</td>
                </tr>
                <tr>
                  <td style="padding: 6px 0; font-weight: bold;">Cake Requested:</td>
                  <td style="padding: 6px 0;">Strawberry Cake</td>
                </tr>
                <tr>
                  <td style="padding: 6px 0; font-weight: bold;">Pickup Date:</td>
                  <td style="padding: 6px 0; color: #d946ef; font-weight: bold;">2026-06-23</td>
                </tr>
                <tr>
                  <td style="padding: 6px 0; font-weight: bold;">Pickup Time:</td>
                  <td style="padding: 6px 0;">17:15</td>
                </tr>
                <tr>
                  <td style="padding: 6px 0; font-weight: bold; vertical-align: top;">Notes/Requests:</td>
                  <td style="padding: 6px 0;">None</td>
                </tr>
              </table>
            </div>

            <div style="border-left: 4px solid #f59e0b; padding-left: 12px; margin: 20px 0;">
              <p style="margin: 0; font-size: 13px; color: #b45309; font-weight: bold;">⚠️ TAKEAWAY ONLY</p>
              <p style="margin: 4px 0 0; font-size: 13px; color: #78350f;">
                We are a home bakery located at <strong>Q/R No. - 8/5, South Colony Road, Kansbahal</strong>. We do NOT provide delivery. Please remember to collect your cake on the scheduled date and time.
              </p>
            </div>

            <p><strong>Next Steps:</strong> We will reach out to you on WhatsApp (<strong>9877792681</strong>) shortly to finalize details and confirm pricing.</p>
            
            <div style="border-top: 1px solid #e6c5a3; padding-top: 16px; margin-top: 24px; font-size: 12px; text-align: center; color: #8a634e;">
              © 2026 Singh Cake Delight. All rights reserved.<br/>
              Kansbahal, Sundargarh, Odisha - 770034
            </div>
          </div>
        
----------------------------------------
Text Content:

          
            
              Singh Cake Delight
              Pure Eggless Handcrafted Cakes
            
            Order Request Submitted Successfully!
            Dear Ashish Test,
            Thank you for submitting your order request. We have safely recorded your booking in our system. Here are the details:
            
            
              
                
                  Order ID:
                  #3
                
                
                  Cake Requested:
                  Strawberry Cake
                
                
                  Pickup Date:
                  2026-06-23
                
                
                  Pickup Time:
                  17:15
                
                
                  Notes/Requests:
                  None
                
              
            

            
              ⚠️ TAKEAWAY ONLY
              
                We are a home bakery located at Q/R No. - 8/5, South Colony Road, Kansbahal. We do NOT provide delivery. Please remember to collect your cake on the scheduled date and time.
              
            

            Next Steps: We will reach out to you on WhatsApp (9877792681) shortly to finalize details and confirm pricing.
            
            
              © 2026 Singh Cake Delight. All rights reserved.
              Kansbahal, Sundargarh, Odisha - 770034
            
          
        
========================================

========================================
[EMAIL SEND EVENT]
Timestamp: 2026-06-17T19:55:38.936Z
To: ashish.test@gmail.com
Subject: 🔒 Singh Cake Delight - Successful Login Notification
----------------------------------------
HTML Body:

        <div style="font-family: Arial, sans-serif; line-height: 1.6; color: #2D1E17; max-width: 600px; margin: 0 auto; border: 1px solid #e6c5a3; border-radius: 12px; padding: 24px;">
          <div style="text-align: center; border-bottom: 1px solid #e6c5a3; padding-bottom: 16px; margin-bottom: 20px;">
            <h1 style="color: #d946ef; margin: 0; font-family: Georgia, serif;">Singh Cake Delight</h1>
          </div>
          <h2>Successful Login Alert</h2>
          <p>Dear Ashish Test,</p>
          <p>You have successfully logged into your account at Singh Cake Delight on 6/18/2026, 1:25:38 AM.</p>
          <p>If this was not you, please secure your account or reach out to us immediately.</p>
          <br/>
          <p>Best regards,<br/>Singh Cake Delight Team</p>
        </div>
      
----------------------------------------
Text Content:

        
          
            Singh Cake Delight
          
          Successful Login Alert
          Dear Ashish Test,
          You have successfully logged into your account at Singh Cake Delight on 6/18/2026, 1:25:38 AM.
          If this was not you, please secure your account or reach out to us immediately.
          
          Best regards,Singh Cake Delight Team
        
      
========================================

========================================
[EMAIL SEND EVENT]
Timestamp: 2026-06-17T20:58:08.199Z
To: ashish.test@gmail.com
Subject: 🍰 Singh Cake Delight - Order Request Submitted! (#4)
----------------------------------------
HTML Body:

          <div style="font-family: Arial, sans-serif; line-height: 1.6; color: #2D1E17; max-width: 600px; margin: 0 auto; border: 1px solid #e6c5a3; border-radius: 12px; padding: 24px;">
            <div style="text-align: center; border-bottom: 1px solid #e6c5a3; padding-bottom: 16px; margin-bottom: 20px;">
              <h1 style="color: #d946ef; margin: 0; font-family: Georgia, serif;">Singh Cake Delight</h1>
              <p style="margin: 4px 0 0; text-transform: uppercase; font-size: 11px; tracking-wide; color: #8a634e; font-weight: bold;">Pure Eggless Handcrafted Cakes</p>
            </div>
            <h2 style="color: #2D1E17; margin-top: 0;">Order Request Submitted Successfully!</h2>
            <p>Dear <strong>Ashish Test</strong>,</p>
            <p>Thank you for submitting your order request. We have safely recorded your booking in our system. Here are the details:</p>
            
            <div style="background-color: #fcf9f5; border: 1px solid #eedecf; border-radius: 8px; padding: 16px; margin: 20px 0;">
              <table style="width: 100%; border-collapse: collapse;">
                <tr>
                  <td style="padding: 6px 0; font-weight: bold; width: 140px;">Order ID:</td>
                  <td style="padding: 6px 0;">#4</td>
                </tr>
                <tr>
                  <td style="padding: 6px 0; font-weight: bold;">Cake Requested:</td>
                  <td style="padding: 6px 0;">Butterscotch Cake</td>
                </tr>
                <tr>
                  <td style="padding: 6px 0; font-weight: bold;">Pickup Date:</td>
                  <td style="padding: 6px 0; color: #d946ef; font-weight: bold;">2026-06-25</td>
                </tr>
                <tr>
                  <td style="padding: 6px 0; font-weight: bold;">Pickup Time:</td>
                  <td style="padding: 6px 0;">17:27</td>
                </tr>
                <tr>
                  <td style="padding: 6px 0; font-weight: bold; vertical-align: top;">Notes/Requests:</td>
                  <td style="padding: 6px 0;">add a love sign in it</td>
                </tr>
              </table>
            </div>

            <div style="border-left: 4px solid #f59e0b; padding-left: 12px; margin: 20px 0;">
              <p style="margin: 0; font-size: 13px; color: #b45309; font-weight: bold;">⚠️ TAKEAWAY ONLY</p>
              <p style="margin: 4px 0 0; font-size: 13px; color: #78350f;">
                We are a home bakery located at <strong>Q/R No. - 8/5, South Colony Road, Kansbahal</strong>. We do NOT provide delivery. Please remember to collect your cake on the scheduled date and time.
              </p>
            </div>

            <p><strong>Next Steps:</strong> We will reach out to you on WhatsApp (<strong>9877792681</strong>) shortly to finalize details and confirm pricing.</p>
            
            <div style="border-top: 1px solid #e6c5a3; padding-top: 16px; margin-top: 24px; font-size: 12px; text-align: center; color: #8a634e;">
              © 2026 Singh Cake Delight. All rights reserved.<br/>
              Kansbahal, Sundargarh, Odisha - 770034
            </div>
          </div>
        
----------------------------------------
Text Content:

          
            
              Singh Cake Delight
              Pure Eggless Handcrafted Cakes
            
            Order Request Submitted Successfully!
            Dear Ashish Test,
            Thank you for submitting your order request. We have safely recorded your booking in our system. Here are the details:
            
            
              
                
                  Order ID:
                  #4
                
                
                  Cake Requested:
                  Butterscotch Cake
                
                
                  Pickup Date:
                  2026-06-25
                
                
                  Pickup Time:
                  17:27
                
                
                  Notes/Requests:
                  add a love sign in it
                
              
            

            
              ⚠️ TAKEAWAY ONLY
              
                We are a home bakery located at Q/R No. - 8/5, South Colony Road, Kansbahal. We do NOT provide delivery. Please remember to collect your cake on the scheduled date and time.
              
            

            Next Steps: We will reach out to you on WhatsApp (9877792681) shortly to finalize details and confirm pricing.
            
            
              © 2026 Singh Cake Delight. All rights reserved.
              Kansbahal, Sundargarh, Odisha - 770034
            
          
        
========================================

========================================
[EMAIL SEND EVENT]
Timestamp: 2026-06-17T21:27:30.272Z
To: ashish.test@gmail.com
Subject: 🔒 Singh Cake Delight - Successful Login Notification
----------------------------------------
HTML Body:

        <div style="font-family: Arial, sans-serif; line-height: 1.6; color: #2D1E17; max-width: 600px; margin: 0 auto; border: 1px solid #e6c5a3; border-radius: 12px; padding: 24px;">
          <div style="text-align: center; border-bottom: 1px solid #e6c5a3; padding-bottom: 16px; margin-bottom: 20px;">
            <h1 style="color: #d946ef; margin: 0; font-family: Georgia, serif;">Singh Cake Delight</h1>
          </div>
          <h2>Successful Login Alert</h2>
          <p>Dear Ashish Test,</p>
          <p>You have successfully logged into your account at Singh Cake Delight on 6/18/2026, 2:57:30 AM.</p>
          <p>If this was not you, please secure your account or reach out to us immediately.</p>
          <br/>
          <p>Best regards,<br/>Singh Cake Delight Team</p>
        </div>
      
----------------------------------------
Text Content:

        
          
            Singh Cake Delight
          
          Successful Login Alert
          Dear Ashish Test,
          You have successfully logged into your account at Singh Cake Delight on 6/18/2026, 2:57:30 AM.
          If this was not you, please secure your account or reach out to us immediately.
          
          Best regards,Singh Cake Delight Team
        
      
========================================

========================================
[EMAIL SEND EVENT]
Timestamp: 2026-06-17T21:28:03.041Z
To: ashish.test@gmail.com
Subject: 🔒 Singh Cake Delight - Successful Login Notification
----------------------------------------
HTML Body:

        <div style="font-family: Arial, sans-serif; line-height: 1.6; color: #2D1E17; max-width: 600px; margin: 0 auto; border: 1px solid #e6c5a3; border-radius: 12px; padding: 24px;">
          <div style="text-align: center; border-bottom: 1px solid #e6c5a3; padding-bottom: 16px; margin-bottom: 20px;">
            <h1 style="color: #d946ef; margin: 0; font-family: Georgia, serif;">Singh Cake Delight</h1>
          </div>
          <h2>Successful Login Alert</h2>
          <p>Dear Ashish Test,</p>
          <p>You have successfully logged into your account at Singh Cake Delight on 6/18/2026, 2:58:03 AM.</p>
          <p>If this was not you, please secure your account or reach out to us immediately.</p>
          <br/>
          <p>Best regards,<br/>Singh Cake Delight Team</p>
        </div>
      
----------------------------------------
Text Content:

        
          
            Singh Cake Delight
          
          Successful Login Alert
          Dear Ashish Test,
          You have successfully logged into your account at Singh Cake Delight on 6/18/2026, 2:58:03 AM.
          If this was not you, please secure your account or reach out to us immediately.
          
          Best regards,Singh Cake Delight Team
        
      
========================================

========================================
[EMAIL SEND EVENT]
Timestamp: 2026-06-17T21:30:30.338Z
To: test@example.com
Subject: 🍰 Welcome to Singh Cake Delight!
----------------------------------------
HTML Body:

        <div style="font-family: Arial, sans-serif; line-height: 1.6; color: #2D1E17; max-width: 600px; margin: 0 auto; border: 1px solid #e6c5a3; border-radius: 12px; padding: 24px;">
          <div style="text-align: center; border-bottom: 1px solid #e6c5a3; padding-bottom: 16px; margin-bottom: 20px;">
            <h1 style="color: #d946ef; margin: 0; font-family: Georgia, serif;">Singh Cake Delight</h1>
            <p style="margin: 4px 0 0; text-transform: uppercase; font-size: 11px; tracking-wide; color: #8a634e; font-weight: bold;">Pure Eggless Handcrafted Cakes</p>
          </div>
          <h2>Welcome to Singh Cake Delight, Business Test Customer!</h2>
          <p>We are absolutely thrilled to welcome you to our family. Your account has been registered successfully.</p>
          <p>You can now browse our signature delights, place pre-orders at least 6 days in advance, and check your booking statuses and history directly from your profile drawer in the navbar.</p>
          
          <div style="background-color: #fcf9f5; border: 1px solid #eedecf; border-radius: 8px; padding: 14px; margin: 20px 0; font-size: 14px;">
            <strong>Registered Account Details:</strong>
            <ul style="margin: 8px 0 0; padding-left: 20px;">
              <li>Name: Business Test Customer</li>
              <li>Email: test@example.com</li>
              <li>Phone: 9876543210</li>
            </ul>
          </div>
          
          <p>Best regards,<br/>Singh Cake Delight Team</p>
        </div>
      
----------------------------------------
Text Content:

        
          
            Singh Cake Delight
            Pure Eggless Handcrafted Cakes
          
          Welcome to Singh Cake Delight, Business Test Customer!
          We are absolutely thrilled to welcome you to our family. Your account has been registered successfully.
          You can now browse our signature delights, place pre-orders at least 6 days in advance, and check your booking statuses and history directly from your profile drawer in the navbar.
          
          
            Registered Account Details:
            
              Name: Business Test Customer
              Email: test@example.com
              Phone: 9876543210
            
          
          
          Best regards,Singh Cake Delight Team
        
      
========================================

========================================
[EMAIL SEND EVENT]
Timestamp: 2026-06-17T21:32:26.833Z
To: test@example.com
Subject: 🍰 Singh Cake Delight - Order Request Submitted! (#5)
----------------------------------------
HTML Body:

          <div style="font-family: Arial, sans-serif; line-height: 1.6; color: #2D1E17; max-width: 600px; margin: 0 auto; border: 1px solid #e6c5a3; border-radius: 12px; padding: 24px;">
            <div style="text-align: center; border-bottom: 1px solid #e6c5a3; padding-bottom: 16px; margin-bottom: 20px;">
              <h1 style="color: #d946ef; margin: 0; font-family: Georgia, serif;">Singh Cake Delight</h1>
              <p style="margin: 4px 0 0; text-transform: uppercase; font-size: 11px; tracking-wide; color: #8a634e; font-weight: bold;">Pure Eggless Handcrafted Cakes</p>
            </div>
            <h2 style="color: #2D1E17; margin-top: 0;">Order Request Submitted Successfully!</h2>
            <p>Dear <strong>Business Test Customer</strong>,</p>
            <p>Thank you for submitting your order request. We have safely recorded your booking in our system. Here are the details:</p>
            
            <div style="background-color: #fcf9f5; border: 1px solid #eedecf; border-radius: 8px; padding: 16px; margin: 20px 0;">
              <table style="width: 100%; border-collapse: collapse;">
                <tr>
                  <td style="padding: 6px 0; font-weight: bold; width: 140px;">Order ID:</td>
                  <td style="padding: 6px 0;">#5</td>
                </tr>
                <tr>
                  <td style="padding: 6px 0; font-weight: bold;">Cake Requested:</td>
                  <td style="padding: 6px 0;">Butterscotch Cake</td>
                </tr>
                <tr>
                  <td style="padding: 6px 0; font-weight: bold;">Pickup Date:</td>
                  <td style="padding: 6px 0; color: #d946ef; font-weight: bold;">2026-06-25</td>
                </tr>
                <tr>
                  <td style="padding: 6px 0; font-weight: bold;">Pickup Time:</td>
                  <td style="padding: 6px 0;">17:30</td>
                </tr>
                <tr>
                  <td style="padding: 6px 0; font-weight: bold; vertical-align: top;">Notes/Requests:</td>
                  <td style="padding: 6px 0;">add a love sign in it</td>
                </tr>
              </table>
            </div>

            <div style="border-left: 4px solid #f59e0b; padding-left: 12px; margin: 20px 0;">
              <p style="margin: 0; font-size: 13px; color: #b45309; font-weight: bold;">⚠️ TAKEAWAY ONLY</p>
              <p style="margin: 4px 0 0; font-size: 13px; color: #78350f;">
                We are a home bakery located at <strong>Q/R No. - 8/5, South Colony Road, Kansbahal</strong>. We do NOT provide delivery. Please remember to collect your cake on the scheduled date and time.
              </p>
            </div>

            <p><strong>Next Steps:</strong> We will reach out to you on WhatsApp (<strong>9876543210</strong>) shortly to finalize details and confirm pricing.</p>
            
            <div style="border-top: 1px solid #e6c5a3; padding-top: 16px; margin-top: 24px; font-size: 12px; text-align: center; color: #8a634e;">
              © 2026 Singh Cake Delight. All rights reserved.<br/>
              Kansbahal, Sundargarh, Odisha - 770034
            </div>
          </div>
        
----------------------------------------
Text Content:

          
            
              Singh Cake Delight
              Pure Eggless Handcrafted Cakes
            
            Order Request Submitted Successfully!
            Dear Business Test Customer,
            Thank you for submitting your order request. We have safely recorded your booking in our system. Here are the details:
            
            
              
                
                  Order ID:
                  #5
                
                
                  Cake Requested:
                  Butterscotch Cake
                
                
                  Pickup Date:
                  2026-06-25
                
                
                  Pickup Time:
                  17:30
                
                
                  Notes/Requests:
                  add a love sign in it
                
              
            

            
              ⚠️ TAKEAWAY ONLY
              
                We are a home bakery located at Q/R No. - 8/5, South Colony Road, Kansbahal. We do NOT provide delivery. Please remember to collect your cake on the scheduled date and time.
              
            

            Next Steps: We will reach out to you on WhatsApp (9876543210) shortly to finalize details and confirm pricing.
            
            
              © 2026 Singh Cake Delight. All rights reserved.
              Kansbahal, Sundargarh, Odisha - 770034
            
          
        
========================================

========================================
[EMAIL SEND EVENT]
Timestamp: 2026-06-17T21:38:09.720Z
To: alice.dev@gmail.com
Subject: 🍰 Welcome to Singh Cake Delight!
----------------------------------------
HTML Body:

          <div style="font-family: Arial, sans-serif; line-height: 1.6; color: #2D1E17; max-width: 600px; margin: 0 auto; border: 1px solid #e6c5a3; border-radius: 12px; padding: 24px;">
            <div style="text-align: center; border-bottom: 1px solid #e6c5a3; padding-bottom: 16px; margin-bottom: 20px;">
              <h1 style="color: #d946ef; margin: 0; font-family: Georgia, serif;">Singh Cake Delight</h1>
              <p style="margin: 4px 0 0; text-transform: uppercase; font-size: 11px; tracking-wide; color: #8a634e; font-weight: bold;">Pure Eggless Handcrafted Cakes</p>
            </div>
            <h2>Welcome to Singh Cake Delight, Alice Developer!</h2>
            <p>You registered successfully via Google Sign-In.</p>
            <p>You can now browse our menu, place pre-orders, and view your order history directly in your profile.</p>
            <br/>
            <p>Best regards,<br/>Singh Cake Delight Team</p>
          </div>
        
----------------------------------------
Text Content:

          
            
              Singh Cake Delight
              Pure Eggless Handcrafted Cakes
            
            Welcome to Singh Cake Delight, Alice Developer!
            You registered successfully via Google Sign-In.
            You can now browse our menu, place pre-orders, and view your order history directly in your profile.
            
            Best regards,Singh Cake Delight Team
          
        
========================================

========================================
[EMAIL SEND EVENT]
Timestamp: 2026-06-17T21:42:33.239Z
To: singhcakedelight1981.official@gmail.com
Subject: 🔔 New Order Received! (#6) - Alice Developer
----------------------------------------
HTML Body:

        <div style="font-family: Arial, sans-serif; line-height: 1.6; color: #2D1E17; max-width: 600px; margin: 0 auto; border: 1px solid #d946ef; border-radius: 12px; padding: 24px;">
          <div style="text-align: center; border-bottom: 1px solid #d946ef; padding-bottom: 16px; margin-bottom: 20px;">
            <h1 style="color: #d946ef; margin: 0; font-family: Georgia, serif;">Singh Cake Delight</h1>
            <p style="margin: 4px 0 0; text-transform: uppercase; font-size: 11px; tracking-wide; color: #8a634e; font-weight: bold;">New Order Notification</p>
          </div>
          <h2 style="color: #2D1E17; margin-top: 0;">New Order Details</h2>
          <p>A new order has been submitted through the portal. Here are the details:</p>
          
          <div style="background-color: #fcf9f5; border: 1px solid #eedecf; border-radius: 8px; padding: 16px; margin: 20px 0;">
            <table style="width: 100%; border-collapse: collapse;">
              <tr>
                <td style="padding: 6px 0; font-weight: bold; width: 160px; border-bottom: 1px solid #eee;">Order ID:</td>
                <td style="padding: 6px 0; border-bottom: 1px solid #eee;">#6</td>
              </tr>
              <tr>
                <td style="padding: 6px 0; font-weight: bold; border-bottom: 1px solid #eee;">Customer Name:</td>
                <td style="padding: 6px 0; border-bottom: 1px solid #eee;">Alice Developer</td>
              </tr>
              <tr>
                <td style="padding: 6px 0; font-weight: bold; border-bottom: 1px solid #eee;">WhatsApp/Phone:</td>
                <td style="padding: 6px 0; border-bottom: 1px solid #eee;">
                  <a href="https://wa.me/9876543210" style="color: #25D366; font-weight: bold; text-decoration: none;">
                    9876543210 (Chat on WhatsApp)
                  </a>
                </td>
              </tr>
              <tr>
                <td style="padding: 6px 0; font-weight: bold; border-bottom: 1px solid #eee;">Customer Email:</td>
                <td style="padding: 6px 0; border-bottom: 1px solid #eee;">alice.dev@gmail.com</td>
              </tr>
              <tr>
                <td style="padding: 6px 0; font-weight: bold; border-bottom: 1px solid #eee;">Order Item (Cake):</td>
                <td style="padding: 6px 0; border-bottom: 1px solid #eee; font-weight: bold; color: #d946ef;">Vanilla Cake</td>
              </tr>
              <tr>
                <td style="padding: 6px 0; font-weight: bold; border-bottom: 1px solid #eee;">Pickup Date:</td>
                <td style="padding: 6px 0; border-bottom: 1px solid #eee; font-weight: bold;">2026-06-30</td>
              </tr>
              <tr>
                <td style="padding: 6px 0; font-weight: bold; border-bottom: 1px solid #eee;">Pickup Time:</td>
                <td style="padding: 6px 0; border-bottom: 1px solid #eee;">19:12</td>
              </tr>
              <tr>
                <td style="padding: 6px 0; font-weight: bold; vertical-align: top;">Customisation details:</td>
                <td style="padding: 6px 0; white-space: pre-wrap;">more yellow drips</td>
              </tr>
            </table>
          </div>
          
          <p style="font-size: 13px; color: #666; text-align: center; margin-top: 24px; border-top: 1px solid #eee; padding-top: 16px;">
            To manage this and other orders, please log in to the <a href="http://localhost:3000/admin" style="color: #d946ef; font-weight: bold; text-decoration: none;">Admin Dashboard</a>.
          </p>
        </div>
      
----------------------------------------
Text Content:

        
          
            Singh Cake Delight
            New Order Notification
          
          New Order Details
          A new order has been submitted through the portal. Here are the details:
          
          
            
              
                Order ID:
                #6
              
              
                Customer Name:
                Alice Developer
              
              
                WhatsApp/Phone:
                
                  
                    9876543210 (Chat on WhatsApp)
                  
                
              
              
                Customer Email:
                alice.dev@gmail.com
              
              
                Order Item (Cake):
                Vanilla Cake
              
              
                Pickup Date:
                2026-06-30
              
              
                Pickup Time:
                19:12
              
              
                Customisation details:
                more yellow drips
              
            
          
          
          
            To manage this and other orders, please log in to the Admin Dashboard.
          
        
      
========================================

========================================
[EMAIL SEND EVENT]
Timestamp: 2026-06-17T21:42:33.239Z
To: alice.dev@gmail.com
Subject: 🍰 Singh Cake Delight - Order Request Submitted! (#6)
----------------------------------------
HTML Body:

          <div style="font-family: Arial, sans-serif; line-height: 1.6; color: #2D1E17; max-width: 600px; margin: 0 auto; border: 1px solid #e6c5a3; border-radius: 12px; padding: 24px;">
            <div style="text-align: center; border-bottom: 1px solid #e6c5a3; padding-bottom: 16px; margin-bottom: 20px;">
              <h1 style="color: #d946ef; margin: 0; font-family: Georgia, serif;">Singh Cake Delight</h1>
              <p style="margin: 4px 0 0; text-transform: uppercase; font-size: 11px; tracking-wide; color: #8a634e; font-weight: bold;">Pure Eggless Handcrafted Cakes</p>
            </div>
            <h2 style="color: #2D1E17; margin-top: 0;">Order Request Submitted Successfully!</h2>
            <p>Dear <strong>Alice Developer</strong>,</p>
            <p>Thank you for submitting your order request. We have safely recorded your booking in our system. Here are the details:</p>
            
            <div style="background-color: #fcf9f5; border: 1px solid #eedecf; border-radius: 8px; padding: 16px; margin: 20px 0;">
              <table style="width: 100%; border-collapse: collapse;">
                <tr>
                  <td style="padding: 6px 0; font-weight: bold; width: 140px;">Order ID:</td>
                  <td style="padding: 6px 0;">#6</td>
                </tr>
                <tr>
                  <td style="padding: 6px 0; font-weight: bold;">Cake Requested:</td>
                  <td style="padding: 6px 0;">Vanilla Cake</td>
                </tr>
                <tr>
                  <td style="padding: 6px 0; font-weight: bold;">Pickup Date:</td>
                  <td style="padding: 6px 0; color: #d946ef; font-weight: bold;">2026-06-30</td>
                </tr>
                <tr>
                  <td style="padding: 6px 0; font-weight: bold;">Pickup Time:</td>
                  <td style="padding: 6px 0;">19:12</td>
                </tr>
                <tr>
                  <td style="padding: 6px 0; font-weight: bold; vertical-align: top;">Notes/Requests:</td>
                  <td style="padding: 6px 0;">more yellow drips</td>
                </tr>
              </table>
            </div>

            <div style="border-left: 4px solid #f59e0b; padding-left: 12px; margin: 20px 0;">
              <p style="margin: 0; font-size: 13px; color: #b45309; font-weight: bold;">⚠️ TAKEAWAY ONLY</p>
              <p style="margin: 4px 0 0; font-size: 13px; color: #78350f;">
                We are a home bakery located at <strong>Q/R No. - 8/5, South Colony Road, Kansbahal</strong>. We do NOT provide delivery. Please remember to collect your cake on the scheduled date and time.
              </p>
            </div>

            <p><strong>Next Steps:</strong> We will reach out to you on WhatsApp (<strong>9876543210</strong>) shortly to finalize details and confirm pricing.</p>
            
            <div style="border-top: 1px solid #e6c5a3; padding-top: 16px; margin-top: 24px; font-size: 12px; text-align: center; color: #8a634e;">
              © 2026 Singh Cake Delight. All rights reserved.<br/>
              Kansbahal, Sundargarh, Odisha - 770034
            </div>
          </div>
        
----------------------------------------
Text Content:

          
            
              Singh Cake Delight
              Pure Eggless Handcrafted Cakes
            
            Order Request Submitted Successfully!
            Dear Alice Developer,
            Thank you for submitting your order request. We have safely recorded your booking in our system. Here are the details:
            
            
              
                
                  Order ID:
                  #6
                
                
                  Cake Requested:
                  Vanilla Cake
                
                
                  Pickup Date:
                  2026-06-30
                
                
                  Pickup Time:
                  19:12
                
                
                  Notes/Requests:
                  more yellow drips
                
              
            

            
              ⚠️ TAKEAWAY ONLY
              
                We are a home bakery located at Q/R No. - 8/5, South Colony Road, Kansbahal. We do NOT provide delivery. Please remember to collect your cake on the scheduled date and time.
              
            

            Next Steps: We will reach out to you on WhatsApp (9876543210) shortly to finalize details and confirm pricing.
            
            
              © 2026 Singh Cake Delight. All rights reserved.
              Kansbahal, Sundargarh, Odisha - 770034
            
          
        
========================================

========================================
[EMAIL SEND EVENT]
Timestamp: 2026-06-17T21:56:43.048Z
To: alice.dev@gmail.com
Subject: 🔒 Login Alert
----------------------------------------
HTML Body:

          <div style="font-family: Arial, sans-serif; line-height: 1.6; color: #2D1E17; max-width: 600px; margin: 0 auto; border: 1px solid #e6c5a3; border-radius: 12px; padding: 24px;">
            <h2>Successful Google Login Alert</h2>
            <p>Dear Alice Developer,</p>
            <p>You successfully logged into your account at Singh Cake Delight via Google Sign-in on 6/18/2026, 3:26:43 AM.</p>
            <br/>
            <p>Best regards,<br/>Singh Cake Delight Team</p>
          </div>
        
----------------------------------------
Text Content:

          
            Successful Google Login Alert
            Dear Alice Developer,
            You successfully logged into your account at Singh Cake Delight via Google Sign-in on 6/18/2026, 3:26:43 AM.
            
            Best regards,Singh Cake Delight Team
          
        
========================================

========================================
[EMAIL SEND EVENT]
Timestamp: 2026-06-17T22:03:26.379Z
To: bob.bakes@gmail.com
Subject: 🍰 Welcome to Singh Cake Delight!
----------------------------------------
HTML Body:

          <div style="font-family: Arial, sans-serif; line-height: 1.6; color: #2D1E17; max-width: 600px; margin: 0 auto; border: 1px solid #e6c5a3; border-radius: 12px; padding: 24px;">
            <div style="text-align: center; border-bottom: 1px solid #e6c5a3; padding-bottom: 16px; margin-bottom: 20px;">
              <h1 style="color: #d946ef; margin: 0; font-family: Georgia, serif;">Singh Cake Delight</h1>
              <p style="margin: 4px 0 0; text-transform: uppercase; font-size: 11px; tracking-wide; color: #8a634e; font-weight: bold;">Pure Eggless Handcrafted Cakes</p>
            </div>
            <h2>Welcome to Singh Cake Delight, Bob Baker!</h2>
            <p>You registered successfully via Google Sign-In.</p>
            <p>You can now browse our menu, place pre-orders, and view your order history directly in your profile.</p>
            <br/>
            <p>Best regards,<br/>Singh Cake Delight Team</p>
          </div>
        
----------------------------------------
Text Content:

          
            
              Singh Cake Delight
              Pure Eggless Handcrafted Cakes
            
            Welcome to Singh Cake Delight, Bob Baker!
            You registered successfully via Google Sign-In.
            You can now browse our menu, place pre-orders, and view your order history directly in your profile.
            
            Best regards,Singh Cake Delight Team
          
        
========================================

========================================
[EMAIL SEND EVENT]
Timestamp: 2026-06-17T22:05:37.148Z
To: singhcakedelight1981.official@gmail.com
Subject: 🔔 New Order Received! (#7) - Bob Baker
----------------------------------------
HTML Body:

        <div style="font-family: Arial, sans-serif; line-height: 1.6; color: #2D1E17; max-width: 600px; margin: 0 auto; border: 1px solid #d946ef; border-radius: 12px; padding: 24px;">
          <div style="text-align: center; border-bottom: 1px solid #d946ef; padding-bottom: 16px; margin-bottom: 20px;">
            <h1 style="color: #d946ef; margin: 0; font-family: Georgia, serif;">Singh Cake Delight</h1>
            <p style="margin: 4px 0 0; text-transform: uppercase; font-size: 11px; tracking-wide; color: #8a634e; font-weight: bold;">New Order Notification</p>
          </div>
          <h2 style="color: #2D1E17; margin-top: 0;">New Order Details</h2>
          <p>A new order has been submitted through the portal. Here are the details:</p>
          
          <div style="background-color: #fcf9f5; border: 1px solid #eedecf; border-radius: 8px; padding: 16px; margin: 20px 0;">
            <table style="width: 100%; border-collapse: collapse;">
              <tr>
                <td style="padding: 6px 0; font-weight: bold; width: 160px; border-bottom: 1px solid #eee;">Order ID:</td>
                <td style="padding: 6px 0; border-bottom: 1px solid #eee;">#7</td>
              </tr>
              <tr>
                <td style="padding: 6px 0; font-weight: bold; border-bottom: 1px solid #eee;">Customer Name:</td>
                <td style="padding: 6px 0; border-bottom: 1px solid #eee;">Bob Baker</td>
              </tr>
              <tr>
                <td style="padding: 6px 0; font-weight: bold; border-bottom: 1px solid #eee;">WhatsApp/Phone:</td>
                <td style="padding: 6px 0; border-bottom: 1px solid #eee;">
                  <a href="https://wa.me/919876543212" style="color: #25D366; font-weight: bold; text-decoration: none;">
                    +919876543212 (Chat on WhatsApp)
                  </a>
                </td>
              </tr>
              <tr>
                <td style="padding: 6px 0; font-weight: bold; border-bottom: 1px solid #eee;">Customer Email:</td>
                <td style="padding: 6px 0; border-bottom: 1px solid #eee;">bob.bakes@gmail.com</td>
              </tr>
              <tr>
                <td style="padding: 6px 0; font-weight: bold; border-bottom: 1px solid #eee;">Order Item (Cake):</td>
                <td style="padding: 6px 0; border-bottom: 1px solid #eee; font-weight: bold; color: #d946ef;">Butterscotch Cake</td>
              </tr>
              <tr>
                <td style="padding: 6px 0; font-weight: bold; border-bottom: 1px solid #eee;">Pickup Date:</td>
                <td style="padding: 6px 0; border-bottom: 1px solid #eee; font-weight: bold;">28/06/2026</td>
              </tr>
              <tr>
                <td style="padding: 6px 0; font-weight: bold; border-bottom: 1px solid #eee;">Pickup Time:</td>
                <td style="padding: 6px 0; border-bottom: 1px solid #eee;">7:30 PM</td>
              </tr>
              <tr>
                <td style="padding: 6px 0; font-weight: bold; vertical-align: top;">Customisation details:</td>
                <td style="padding: 6px 0; white-space: pre-wrap;">With blue cream icing, 12h format test</td>
              </tr>
            </table>
          </div>
          
          <p style="font-size: 13px; color: #666; text-align: center; margin-top: 24px; border-top: 1px solid #eee; padding-top: 16px;">
            To manage this and other orders, please log in to the <a href="http://localhost:3000/admin" style="color: #d946ef; font-weight: bold; text-decoration: none;">Admin Dashboard</a>.
          </p>
        </div>
      
----------------------------------------
Text Content:

        
          
            Singh Cake Delight
            New Order Notification
          
          New Order Details
          A new order has been submitted through the portal. Here are the details:
          
          
            
              
                Order ID:
                #7
              
              
                Customer Name:
                Bob Baker
              
              
                WhatsApp/Phone:
                
                  
                    +919876543212 (Chat on WhatsApp)
                  
                
              
              
                Customer Email:
                bob.bakes@gmail.com
              
              
                Order Item (Cake):
                Butterscotch Cake
              
              
                Pickup Date:
                28/06/2026
              
              
                Pickup Time:
                7:30 PM
              
              
                Customisation details:
                With blue cream icing, 12h format test
              
            
          
          
          
            To manage this and other orders, please log in to the Admin Dashboard.
          
        
      
========================================

========================================
[EMAIL SEND EVENT]
Timestamp: 2026-06-17T22:05:37.148Z
To: bob.bakes@gmail.com
Subject: 🍰 Singh Cake Delight - Order Request Submitted! (#7)
----------------------------------------
HTML Body:

          <div style="font-family: Arial, sans-serif; line-height: 1.6; color: #2D1E17; max-width: 600px; margin: 0 auto; border: 1px solid #e6c5a3; border-radius: 12px; padding: 24px;">
            <div style="text-align: center; border-bottom: 1px solid #e6c5a3; padding-bottom: 16px; margin-bottom: 20px;">
              <h1 style="color: #d946ef; margin: 0; font-family: Georgia, serif;">Singh Cake Delight</h1>
              <p style="margin: 4px 0 0; text-transform: uppercase; font-size: 11px; tracking-wide; color: #8a634e; font-weight: bold;">Pure Eggless Handcrafted Cakes</p>
            </div>
            <h2 style="color: #2D1E17; margin-top: 0;">Order Request Submitted Successfully!</h2>
            <p>Dear <strong>Bob Baker</strong>,</p>
            <p>Thank you for submitting your order request. We have safely recorded your booking in our system. Here are the details:</p>
            
            <div style="background-color: #fcf9f5; border: 1px solid #eedecf; border-radius: 8px; padding: 16px; margin: 20px 0;">
              <table style="width: 100%; border-collapse: collapse;">
                <tr>
                  <td style="padding: 6px 0; font-weight: bold; width: 140px;">Order ID:</td>
                  <td style="padding: 6px 0;">#7</td>
                </tr>
                <tr>
                  <td style="padding: 6px 0; font-weight: bold;">Cake Requested:</td>
                  <td style="padding: 6px 0;">Butterscotch Cake</td>
                </tr>
                <tr>
                  <td style="padding: 6px 0; font-weight: bold;">Pickup Date:</td>
                  <td style="padding: 6px 0; color: #d946ef; font-weight: bold;">28/06/2026</td>
                </tr>
                <tr>
                  <td style="padding: 6px 0; font-weight: bold;">Pickup Time:</td>
                  <td style="padding: 6px 0;">7:30 PM</td>
                </tr>
                <tr>
                  <td style="padding: 6px 0; font-weight: bold; vertical-align: top;">Notes/Requests:</td>
                  <td style="padding: 6px 0;">With blue cream icing, 12h format test</td>
                </tr>
              </table>
            </div>

            <div style="border-left: 4px solid #f59e0b; padding-left: 12px; margin: 20px 0;">
              <p style="margin: 0; font-size: 13px; color: #b45309; font-weight: bold;">⚠️ TAKEAWAY ONLY</p>
              <p style="margin: 4px 0 0; font-size: 13px; color: #78350f;">
                We are a home bakery located at <strong>Q/R No. - 8/5, South Colony Road, Kansbahal</strong>. We do NOT provide delivery. Please remember to collect your cake on the scheduled date and time.
              </p>
            </div>

            <p><strong>Next Steps:</strong> We will reach out to you on WhatsApp (<strong>+919876543212</strong>) shortly to finalize details and confirm pricing.</p>
            
            <div style="border-top: 1px solid #e6c5a3; padding-top: 16px; margin-top: 24px; font-size: 12px; text-align: center; color: #8a634e;">
              © 2026 Singh Cake Delight. All rights reserved.<br/>
              Kansbahal, Sundargarh, Odisha - 770034
            </div>
          </div>
        
----------------------------------------
Text Content:

          
            
              Singh Cake Delight
              Pure Eggless Handcrafted Cakes
            
            Order Request Submitted Successfully!
            Dear Bob Baker,
            Thank you for submitting your order request. We have safely recorded your booking in our system. Here are the details:
            
            
              
                
                  Order ID:
                  #7
                
                
                  Cake Requested:
                  Butterscotch Cake
                
                
                  Pickup Date:
                  28/06/2026
                
                
                  Pickup Time:
                  7:30 PM
                
                
                  Notes/Requests:
                  With blue cream icing, 12h format test
                
              
            

            
              ⚠️ TAKEAWAY ONLY
              
                We are a home bakery located at Q/R No. - 8/5, South Colony Road, Kansbahal. We do NOT provide delivery. Please remember to collect your cake on the scheduled date and time.
              
            

            Next Steps: We will reach out to you on WhatsApp (+919876543212) shortly to finalize details and confirm pricing.
            
            
              © 2026 Singh Cake Delight. All rights reserved.
              Kansbahal, Sundargarh, Odisha - 770034
            
          
        
========================================

========================================
[EMAIL SEND EVENT]
Timestamp: 18/06/2026, 03:44:03 am
To: bob.bakes@gmail.com
Subject: 🔒 Login Alert
----------------------------------------
HTML Body:

          <div style="font-family: Arial, sans-serif; line-height: 1.6; color: #2D1E17; max-width: 600px; margin: 0 auto; border: 1px solid #e6c5a3; border-radius: 12px; padding: 24px;">
            <h2>Successful Google Login Alert</h2>
            <p>Dear Bob Baker,</p>
            <p>You successfully logged into your account at Singh Cake Delight via Google Sign-in on 18/06/2026, 03:44:03 am.</p>
            <br/>
            <p>Best regards,<br/>Singh Cake Delight Team</p>
          </div>
        
----------------------------------------
Text Content:

          
            Successful Google Login Alert
            Dear Bob Baker,
            You successfully logged into your account at Singh Cake Delight via Google Sign-in on 18/06/2026, 03:44:03 am.
            
            Best regards,Singh Cake Delight Team
          
        
========================================

========================================
[EMAIL SEND EVENT]
Timestamp: 18/06/2026, 03:46:00 am
To: singhcakedelight1981.official@gmail.com
Subject: 🔔 New Order Received! (#8) - Bob Baker
----------------------------------------
HTML Body:

        <div style="font-family: Arial, sans-serif; line-height: 1.6; color: #2D1E17; max-width: 600px; margin: 0 auto; border: 1px solid #d946ef; border-radius: 12px; padding: 24px;">
          <div style="text-align: center; border-bottom: 1px solid #d946ef; padding-bottom: 16px; margin-bottom: 20px;">
            <h1 style="color: #d946ef; margin: 0; font-family: Georgia, serif;">Singh Cake Delight</h1>
            <p style="margin: 4px 0 0; text-transform: uppercase; font-size: 11px; tracking-wide; color: #8a634e; font-weight: bold;">New Order Notification</p>
          </div>
          <h2 style="color: #2D1E17; margin-top: 0;">New Order Details</h2>
          <p>A new order has been submitted through the portal. Here are the details:</p>
          
          <div style="background-color: #fcf9f5; border: 1px solid #eedecf; border-radius: 8px; padding: 16px; margin: 20px 0;">
            <table style="width: 100%; border-collapse: collapse;">
              <tr>
                <td style="padding: 6px 0; font-weight: bold; width: 160px; border-bottom: 1px solid #eee;">Order ID:</td>
                <td style="padding: 6px 0; border-bottom: 1px solid #eee;">#8</td>
              </tr>
              <tr>
                <td style="padding: 6px 0; font-weight: bold; border-bottom: 1px solid #eee;">Customer Name:</td>
                <td style="padding: 6px 0; border-bottom: 1px solid #eee;">Bob Baker</td>
              </tr>
              <tr>
                <td style="padding: 6px 0; font-weight: bold; border-bottom: 1px solid #eee;">WhatsApp/Phone:</td>
                <td style="padding: 6px 0; border-bottom: 1px solid #eee;">
                  <a href="https://wa.me/919876543212" style="color: #25D366; font-weight: bold; text-decoration: none;">
                    +919876543212 (Chat on WhatsApp)
                  </a>
                </td>
              </tr>
              <tr>
                <td style="padding: 6px 0; font-weight: bold; border-bottom: 1px solid #eee;">Customer Email:</td>
                <td style="padding: 6px 0; border-bottom: 1px solid #eee;">bob.bakes@gmail.com</td>
              </tr>
              <tr>
                <td style="padding: 6px 0; font-weight: bold; border-bottom: 1px solid #eee;">Order Item (Cake):</td>
                <td style="padding: 6px 0; border-bottom: 1px solid #eee; font-weight: bold; color: #d946ef;">Vanilla Cake</td>
              </tr>
              <tr>
                <td style="padding: 6px 0; font-weight: bold; border-bottom: 1px solid #eee;">Pickup Date:</td>
                <td style="padding: 6px 0; border-bottom: 1px solid #eee; font-weight: bold;">29/06/2026</td>
              </tr>
              <tr>
                <td style="padding: 6px 0; font-weight: bold; border-bottom: 1px solid #eee;">Pickup Time:</td>
                <td style="padding: 6px 0; border-bottom: 1px solid #eee;">10:15 AM</td>
              </tr>
              <tr>
                <td style="padding: 6px 0; font-weight: bold; vertical-align: top;">Customisation details:</td>
                <td style="padding: 6px 0; white-space: pre-wrap;">Write &#039;HMR Test&#039; on the cake</td>
              </tr>
            </table>
          </div>
          
          <p style="font-size: 13px; color: #666; text-align: center; margin-top: 24px; border-top: 1px solid #eee; padding-top: 16px;">
            To manage this and other orders, please log in to the <a href="http://localhost:3000/admin" style="color: #d946ef; font-weight: bold; text-decoration: none;">Admin Dashboard</a>.
          </p>
        </div>
      
----------------------------------------
Text Content:

        
          
            Singh Cake Delight
            New Order Notification
          
          New Order Details
          A new order has been submitted through the portal. Here are the details:
          
          
            
              
                Order ID:
                #8
              
              
                Customer Name:
                Bob Baker
              
              
                WhatsApp/Phone:
                
                  
                    +919876543212 (Chat on WhatsApp)
                  
                
              
              
                Customer Email:
                bob.bakes@gmail.com
              
              
                Order Item (Cake):
                Vanilla Cake
              
              
                Pickup Date:
                29/06/2026
              
              
                Pickup Time:
                10:15 AM
              
              
                Customisation details:
                Write &#039;HMR Test&#039; on the cake
              
            
          
          
          
            To manage this and other orders, please log in to the Admin Dashboard.
          
        
      
========================================

========================================
[EMAIL SEND EVENT]
Timestamp: 18/06/2026, 03:46:00 am
To: bob.bakes@gmail.com
Subject: 🍰 Singh Cake Delight - Order Request Submitted! (#8)
----------------------------------------
HTML Body:

          <div style="font-family: Arial, sans-serif; line-height: 1.6; color: #2D1E17; max-width: 600px; margin: 0 auto; border: 1px solid #e6c5a3; border-radius: 12px; padding: 24px;">
            <div style="text-align: center; border-bottom: 1px solid #e6c5a3; padding-bottom: 16px; margin-bottom: 20px;">
              <h1 style="color: #d946ef; margin: 0; font-family: Georgia, serif;">Singh Cake Delight</h1>
              <p style="margin: 4px 0 0; text-transform: uppercase; font-size: 11px; tracking-wide; color: #8a634e; font-weight: bold;">Pure Eggless Handcrafted Cakes</p>
            </div>
            <h2 style="color: #2D1E17; margin-top: 0;">Order Request Submitted Successfully!</h2>
            <p>Dear <strong>Bob Baker</strong>,</p>
            <p>Thank you for submitting your order request. We have safely recorded your booking in our system. Here are the details:</p>
            
            <div style="background-color: #fcf9f5; border: 1px solid #eedecf; border-radius: 8px; padding: 16px; margin: 20px 0;">
              <table style="width: 100%; border-collapse: collapse;">
                <tr>
                  <td style="padding: 6px 0; font-weight: bold; width: 140px;">Order ID:</td>
                  <td style="padding: 6px 0;">#8</td>
                </tr>
                <tr>
                  <td style="padding: 6px 0; font-weight: bold;">Cake Requested:</td>
                  <td style="padding: 6px 0;">Vanilla Cake</td>
                </tr>
                <tr>
                  <td style="padding: 6px 0; font-weight: bold;">Pickup Date:</td>
                  <td style="padding: 6px 0; color: #d946ef; font-weight: bold;">29/06/2026</td>
                </tr>
                <tr>
                  <td style="padding: 6px 0; font-weight: bold;">Pickup Time:</td>
                  <td style="padding: 6px 0;">10:15 AM</td>
                </tr>
                <tr>
                  <td style="padding: 6px 0; font-weight: bold; vertical-align: top;">Notes/Requests:</td>
                  <td style="padding: 6px 0;">Write &#039;HMR Test&#039; on the cake</td>
                </tr>
              </table>
            </div>

            <div style="border-left: 4px solid #f59e0b; padding-left: 12px; margin: 20px 0;">
              <p style="margin: 0; font-size: 13px; color: #b45309; font-weight: bold;">⚠️ TAKEAWAY ONLY</p>
              <p style="margin: 4px 0 0; font-size: 13px; color: #78350f;">
                We are a home bakery located at <strong>Q/R No. - 8/5, South Colony Road, Kansbahal</strong>. We do NOT provide delivery. Please remember to collect your cake on the scheduled date and time.
              </p>
            </div>

            <p><strong>Next Steps:</strong> We will reach out to you on WhatsApp (<strong>+919876543212</strong>) shortly to finalize details and confirm pricing.</p>
            
            <div style="border-top: 1px solid #e6c5a3; padding-top: 16px; margin-top: 24px; font-size: 12px; text-align: center; color: #8a634e;">
              © 2026 Singh Cake Delight. All rights reserved.<br/>
              Kansbahal, Sundargarh, Odisha - 770034
            </div>
          </div>
        
----------------------------------------
Text Content:

          
            
              Singh Cake Delight
              Pure Eggless Handcrafted Cakes
            
            Order Request Submitted Successfully!
            Dear Bob Baker,
            Thank you for submitting your order request. We have safely recorded your booking in our system. Here are the details:
            
            
              
                
                  Order ID:
                  #8
                
                
                  Cake Requested:
                  Vanilla Cake
                
                
                  Pickup Date:
                  29/06/2026
                
                
                  Pickup Time:
                  10:15 AM
                
                
                  Notes/Requests:
                  Write &#039;HMR Test&#039; on the cake
                
              
            

            
              ⚠️ TAKEAWAY ONLY
              
                We are a home bakery located at Q/R No. - 8/5, South Colony Road, Kansbahal. We do NOT provide delivery. Please remember to collect your cake on the scheduled date and time.
              
            

            Next Steps: We will reach out to you on WhatsApp (+919876543212) shortly to finalize details and confirm pricing.
            
            
              © 2026 Singh Cake Delight. All rights reserved.
              Kansbahal, Sundargarh, Odisha - 770034
            
          
        
========================================

========================================
[EMAIL SEND EVENT]
Timestamp: 18/06/2026, 03:49:36 am
To: test.user@gmail.com
Subject: 🍰 Welcome to Singh Cake Delight!
----------------------------------------
HTML Body:

        <div style="font-family: Arial, sans-serif; line-height: 1.6; color: #2D1E17; max-width: 600px; margin: 0 auto; border: 1px solid #e6c5a3; border-radius: 12px; padding: 24px;">
          <div style="text-align: center; border-bottom: 1px solid #e6c5a3; padding-bottom: 16px; margin-bottom: 20px;">
            <h1 style="color: #d946ef; margin: 0; font-family: Georgia, serif;">Singh Cake Delight</h1>
            <p style="margin: 4px 0 0; text-transform: uppercase; font-size: 11px; tracking-wide; color: #8a634e; font-weight: bold;">Pure Eggless Handcrafted Cakes</p>
          </div>
          <h2>Welcome to Singh Cake Delight, Test User!</h2>
          <p>We are absolutely thrilled to welcome you to our family. Your account has been registered successfully.</p>
          <p>You can now browse our signature delights, place pre-orders at least 6 days in advance, and check your booking statuses and history directly from your profile drawer in the navbar.</p>
          
          <div style="background-color: #fcf9f5; border: 1px solid #eedecf; border-radius: 8px; padding: 14px; margin: 20px 0; font-size: 14px;">
            <strong>Registered Account Details:</strong>
            <ul style="margin: 8px 0 0; padding-left: 20px;">
              <li>Name: Test User</li>
              <li>Email: test.user@gmail.com</li>
              <li>Phone: +919876543210</li>
            </ul>
          </div>
          
          <p>Best regards,<br/>Singh Cake Delight Team</p>
        </div>
      
----------------------------------------
Text Content:

        
          
            Singh Cake Delight
            Pure Eggless Handcrafted Cakes
          
          Welcome to Singh Cake Delight, Test User!
          We are absolutely thrilled to welcome you to our family. Your account has been registered successfully.
          You can now browse our signature delights, place pre-orders at least 6 days in advance, and check your booking statuses and history directly from your profile drawer in the navbar.
          
          
            Registered Account Details:
            
              Name: Test User
              Email: test.user@gmail.com
              Phone: +919876543210
            
          
          
          Best regards,Singh Cake Delight Team
        
      
========================================

========================================
[EMAIL SEND EVENT]
Timestamp: 18/06/2026, 03:51:29 am
To: singhcakedelight1981.official@gmail.com
Subject: 🔔 New Order Received! (#9) - Test User
----------------------------------------
HTML Body:

        <div style="font-family: Arial, sans-serif; line-height: 1.6; color: #2D1E17; max-width: 600px; margin: 0 auto; border: 1px solid #d946ef; border-radius: 12px; padding: 24px;">
          <div style="text-align: center; border-bottom: 1px solid #d946ef; padding-bottom: 16px; margin-bottom: 20px;">
            <h1 style="color: #d946ef; margin: 0; font-family: Georgia, serif;">Singh Cake Delight</h1>
            <p style="margin: 4px 0 0; text-transform: uppercase; font-size: 11px; tracking-wide; color: #8a634e; font-weight: bold;">New Order Notification</p>
          </div>
          <h2 style="color: #2D1E17; margin-top: 0;">New Order Details</h2>
          <p>A new order has been submitted through the portal. Here are the details:</p>
          
          <div style="background-color: #fcf9f5; border: 1px solid #eedecf; border-radius: 8px; padding: 16px; margin: 20px 0;">
            <table style="width: 100%; border-collapse: collapse;">
              <tr>
                <td style="padding: 6px 0; font-weight: bold; width: 160px; border-bottom: 1px solid #eee;">Order ID:</td>
                <td style="padding: 6px 0; border-bottom: 1px solid #eee;">#9</td>
              </tr>
              <tr>
                <td style="padding: 6px 0; font-weight: bold; border-bottom: 1px solid #eee;">Customer Name:</td>
                <td style="padding: 6px 0; border-bottom: 1px solid #eee;">Test User</td>
              </tr>
              <tr>
                <td style="padding: 6px 0; font-weight: bold; border-bottom: 1px solid #eee;">WhatsApp/Phone:</td>
                <td style="padding: 6px 0; border-bottom: 1px solid #eee;">
                  <a href="https://wa.me/919876543210" style="color: #25D366; font-weight: bold; text-decoration: none;">
                    +919876543210 (Chat on WhatsApp)
                  </a>
                </td>
              </tr>
              <tr>
                <td style="padding: 6px 0; font-weight: bold; border-bottom: 1px solid #eee;">Customer Email:</td>
                <td style="padding: 6px 0; border-bottom: 1px solid #eee;">test.user@gmail.com</td>
              </tr>
              <tr>
                <td style="padding: 6px 0; font-weight: bold; border-bottom: 1px solid #eee;">Order Item (Cake):</td>
                <td style="padding: 6px 0; border-bottom: 1px solid #eee; font-weight: bold; color: #d946ef;">Butterscotch Cake</td>
              </tr>
              <tr>
                <td style="padding: 6px 0; font-weight: bold; border-bottom: 1px solid #eee;">Pickup Date:</td>
                <td style="padding: 6px 0; border-bottom: 1px solid #eee; font-weight: bold;">29/06/2026</td>
              </tr>
              <tr>
                <td style="padding: 6px 0; font-weight: bold; border-bottom: 1px solid #eee;">Pickup Time:</td>
                <td style="padding: 6px 0; border-bottom: 1px solid #eee;">7:30 pm</td>
              </tr>
              <tr>
                <td style="padding: 6px 0; font-weight: bold; vertical-align: top;">Customisation details:</td>
                <td style="padding: 6px 0; white-space: pre-wrap;">Verify 12h time format</td>
              </tr>
            </table>
          </div>
          
          <p style="font-size: 13px; color: #666; text-align: center; margin-top: 24px; border-top: 1px solid #eee; padding-top: 16px;">
            To manage this and other orders, please log in to the <a href="http://localhost:3000/admin" style="color: #d946ef; font-weight: bold; text-decoration: none;">Admin Dashboard</a>.
          </p>
        </div>
      
----------------------------------------
Text Content:

        
          
            Singh Cake Delight
            New Order Notification
          
          New Order Details
          A new order has been submitted through the portal. Here are the details:
          
          
            
              
                Order ID:
                #9
              
              
                Customer Name:
                Test User
              
              
                WhatsApp/Phone:
                
                  
                    +919876543210 (Chat on WhatsApp)
                  
                
              
              
                Customer Email:
                test.user@gmail.com
              
              
                Order Item (Cake):
                Butterscotch Cake
              
              
                Pickup Date:
                29/06/2026
              
              
                Pickup Time:
                7:30 pm
              
              
                Customisation details:
                Verify 12h time format
              
            
          
          
          
            To manage this and other orders, please log in to the Admin Dashboard.
          
        
      
========================================

========================================
[EMAIL SEND EVENT]
Timestamp: 18/06/2026, 03:51:29 am
To: test.user@gmail.com
Subject: 🍰 Singh Cake Delight - Order Request Submitted! (#9)
----------------------------------------
HTML Body:

          <div style="font-family: Arial, sans-serif; line-height: 1.6; color: #2D1E17; max-width: 600px; margin: 0 auto; border: 1px solid #e6c5a3; border-radius: 12px; padding: 24px;">
            <div style="text-align: center; border-bottom: 1px solid #e6c5a3; padding-bottom: 16px; margin-bottom: 20px;">
              <h1 style="color: #d946ef; margin: 0; font-family: Georgia, serif;">Singh Cake Delight</h1>
              <p style="margin: 4px 0 0; text-transform: uppercase; font-size: 11px; tracking-wide; color: #8a634e; font-weight: bold;">Pure Eggless Handcrafted Cakes</p>
            </div>
            <h2 style="color: #2D1E17; margin-top: 0;">Order Request Submitted Successfully!</h2>
            <p>Dear <strong>Test User</strong>,</p>
            <p>Thank you for submitting your order request. We have safely recorded your booking in our system. Here are the details:</p>
            
            <div style="background-color: #fcf9f5; border: 1px solid #eedecf; border-radius: 8px; padding: 16px; margin: 20px 0;">
              <table style="width: 100%; border-collapse: collapse;">
                <tr>
                  <td style="padding: 6px 0; font-weight: bold; width: 140px;">Order ID:</td>
                  <td style="padding: 6px 0;">#9</td>
                </tr>
                <tr>
                  <td style="padding: 6px 0; font-weight: bold;">Cake Requested:</td>
                  <td style="padding: 6px 0;">Butterscotch Cake</td>
                </tr>
                <tr>
                  <td style="padding: 6px 0; font-weight: bold;">Pickup Date:</td>
                  <td style="padding: 6px 0; color: #d946ef; font-weight: bold;">29/06/2026</td>
                </tr>
                <tr>
                  <td style="padding: 6px 0; font-weight: bold;">Pickup Time:</td>
                  <td style="padding: 6px 0;">7:30 pm</td>
                </tr>
                <tr>
                  <td style="padding: 6px 0; font-weight: bold; vertical-align: top;">Notes/Requests:</td>
                  <td style="padding: 6px 0;">Verify 12h time format</td>
                </tr>
              </table>
            </div>

            <div style="border-left: 4px solid #f59e0b; padding-left: 12px; margin: 20px 0;">
              <p style="margin: 0; font-size: 13px; color: #b45309; font-weight: bold;">⚠️ TAKEAWAY ONLY</p>
              <p style="margin: 4px 0 0; font-size: 13px; color: #78350f;">
                We are a home bakery located at <strong>Q/R No. - 8/5, South Colony Road, Kansbahal</strong>. We do NOT provide delivery. Please remember to collect your cake on the scheduled date and time.
              </p>
            </div>

            <p><strong>Next Steps:</strong> We will reach out to you on WhatsApp (<strong>+919876543210</strong>) shortly to finalize details and confirm pricing.</p>
            
            <div style="border-top: 1px solid #e6c5a3; padding-top: 16px; margin-top: 24px; font-size: 12px; text-align: center; color: #8a634e;">
              © 2026 Singh Cake Delight. All rights reserved.<br/>
              Kansbahal, Sundargarh, Odisha - 770034
            </div>
          </div>
        
----------------------------------------
Text Content:

          
            
              Singh Cake Delight
              Pure Eggless Handcrafted Cakes
            
            Order Request Submitted Successfully!
            Dear Test User,
            Thank you for submitting your order request. We have safely recorded your booking in our system. Here are the details:
            
            
              
                
                  Order ID:
                  #9
                
                
                  Cake Requested:
                  Butterscotch Cake
                
                
                  Pickup Date:
                  29/06/2026
                
                
                  Pickup Time:
                  7:30 pm
                
                
                  Notes/Requests:
                  Verify 12h time format
                
              
            

            
              ⚠️ TAKEAWAY ONLY
              
                We are a home bakery located at Q/R No. - 8/5, South Colony Road, Kansbahal. We do NOT provide delivery. Please remember to collect your cake on the scheduled date and time.
              
            

            Next Steps: We will reach out to you on WhatsApp (+919876543210) shortly to finalize details and confirm pricing.
            
            
              © 2026 Singh Cake Delight. All rights reserved.
              Kansbahal, Sundargarh, Odisha - 770034
            
          
        
========================================

========================================
[EMAIL SEND EVENT]
Timestamp: 18/06/2026, 03:56:36 am
To: testuser123@gmail.com
Subject: 🍰 Welcome to Singh Cake Delight!
----------------------------------------
HTML Body:

        <div style="font-family: Arial, sans-serif; line-height: 1.6; color: #2D1E17; max-width: 600px; margin: 0 auto; border: 1px solid #e6c5a3; border-radius: 12px; padding: 24px;">
          <div style="text-align: center; border-bottom: 1px solid #e6c5a3; padding-bottom: 16px; margin-bottom: 20px;">
            <h1 style="color: #d946ef; margin: 0; font-family: Georgia, serif;">Singh Cake Delight</h1>
            <p style="margin: 4px 0 0; text-transform: uppercase; font-size: 11px; tracking-wide; color: #8a634e; font-weight: bold;">Pure Eggless Handcrafted Cakes</p>
          </div>
          <h2>Welcome to Singh Cake Delight, ashish!</h2>
          <p>We are absolutely thrilled to welcome you to our family. Your account has been registered successfully.</p>
          <p>You can now browse our signature delights, place pre-orders at least 6 days in advance, and check your booking statuses and history directly from your profile drawer in the navbar.</p>
          
          <div style="background-color: #fcf9f5; border: 1px solid #eedecf; border-radius: 8px; padding: 14px; margin: 20px 0; font-size: 14px;">
            <strong>Registered Account Details:</strong>
            <ul style="margin: 8px 0 0; padding-left: 20px;">
              <li>Name: ashish</li>
              <li>Email: testuser123@gmail.com</li>
              <li>Phone: +919877792681</li>
            </ul>
          </div>
          
          <p>Best regards,<br/>Singh Cake Delight Team</p>
        </div>
      
----------------------------------------
Text Content:

        
          
            Singh Cake Delight
            Pure Eggless Handcrafted Cakes
          
          Welcome to Singh Cake Delight, ashish!
          We are absolutely thrilled to welcome you to our family. Your account has been registered successfully.
          You can now browse our signature delights, place pre-orders at least 6 days in advance, and check your booking statuses and history directly from your profile drawer in the navbar.
          
          
            Registered Account Details:
            
              Name: ashish
              Email: testuser123@gmail.com
              Phone: +919877792681
            
          
          
          Best regards,Singh Cake Delight Team
        
      
========================================

========================================
[EMAIL SEND EVENT]
Timestamp: 18/06/2026, 03:57:22 am
To: singhcakedelight1981.official@gmail.com
Subject: 🔔 New Order Received! (#10) - ashish
----------------------------------------
HTML Body:

        <div style="font-family: Arial, sans-serif; line-height: 1.6; color: #2D1E17; max-width: 600px; margin: 0 auto; border: 1px solid #d946ef; border-radius: 12px; padding: 24px;">
          <div style="text-align: center; border-bottom: 1px solid #d946ef; padding-bottom: 16px; margin-bottom: 20px;">
            <h1 style="color: #d946ef; margin: 0; font-family: Georgia, serif;">Singh Cake Delight</h1>
            <p style="margin: 4px 0 0; text-transform: uppercase; font-size: 11px; tracking-wide; color: #8a634e; font-weight: bold;">New Order Notification</p>
          </div>
          <h2 style="color: #2D1E17; margin-top: 0;">New Order Details</h2>
          <p>A new order has been submitted through the portal. Here are the details:</p>
          
          <div style="background-color: #fcf9f5; border: 1px solid #eedecf; border-radius: 8px; padding: 16px; margin: 20px 0;">
            <table style="width: 100%; border-collapse: collapse;">
              <tr>
                <td style="padding: 6px 0; font-weight: bold; width: 160px; border-bottom: 1px solid #eee;">Order ID:</td>
                <td style="padding: 6px 0; border-bottom: 1px solid #eee;">#10</td>
              </tr>
              <tr>
                <td style="padding: 6px 0; font-weight: bold; border-bottom: 1px solid #eee;">Customer Name:</td>
                <td style="padding: 6px 0; border-bottom: 1px solid #eee;">ashish</td>
              </tr>
              <tr>
                <td style="padding: 6px 0; font-weight: bold; border-bottom: 1px solid #eee;">WhatsApp/Phone:</td>
                <td style="padding: 6px 0; border-bottom: 1px solid #eee;">
                  <a href="https://wa.me/919877792681" style="color: #25D366; font-weight: bold; text-decoration: none;">
                    +919877792681 (Chat on WhatsApp)
                  </a>
                </td>
              </tr>
              <tr>
                <td style="padding: 6px 0; font-weight: bold; border-bottom: 1px solid #eee;">Customer Email:</td>
                <td style="padding: 6px 0; border-bottom: 1px solid #eee;">testuser123@gmail.com</td>
              </tr>
              <tr>
                <td style="padding: 6px 0; font-weight: bold; border-bottom: 1px solid #eee;">Order Item (Cake):</td>
                <td style="padding: 6px 0; border-bottom: 1px solid #eee; font-weight: bold; color: #d946ef;">Butterscotch Cake</td>
              </tr>
              <tr>
                <td style="padding: 6px 0; font-weight: bold; border-bottom: 1px solid #eee;">Pickup Date:</td>
                <td style="padding: 6px 0; border-bottom: 1px solid #eee; font-weight: bold;">30/06/2026</td>
              </tr>
              <tr>
                <td style="padding: 6px 0; font-weight: bold; border-bottom: 1px solid #eee;">Pickup Time:</td>
                <td style="padding: 6px 0; border-bottom: 1px solid #eee;">7:56 pm</td>
              </tr>
              <tr>
                <td style="padding: 6px 0; font-weight: bold; vertical-align: top;">Customisation details:</td>
                <td style="padding: 6px 0; white-space: pre-wrap;">add surya name on it</td>
              </tr>
            </table>
          </div>
          
          <p style="font-size: 13px; color: #666; text-align: center; margin-top: 24px; border-top: 1px solid #eee; padding-top: 16px;">
            To manage this and other orders, please log in to the <a href="http://localhost:3000/admin" style="color: #d946ef; font-weight: bold; text-decoration: none;">Admin Dashboard</a>.
          </p>
        </div>
      
----------------------------------------
Text Content:

        
          
            Singh Cake Delight
            New Order Notification
          
          New Order Details
          A new order has been submitted through the portal. Here are the details:
          
          
            
              
                Order ID:
                #10
              
              
                Customer Name:
                ashish
              
              
                WhatsApp/Phone:
                
                  
                    +919877792681 (Chat on WhatsApp)
                  
                
              
              
                Customer Email:
                testuser123@gmail.com
              
              
                Order Item (Cake):
                Butterscotch Cake
              
              
                Pickup Date:
                30/06/2026
              
              
                Pickup Time:
                7:56 pm
              
              
                Customisation details:
                add surya name on it
              
            
          
          
          
            To manage this and other orders, please log in to the Admin Dashboard.
          
        
      
========================================

========================================
[EMAIL SEND EVENT]
Timestamp: 18/06/2026, 03:57:22 am
To: testuser123@gmail.com
Subject: 🍰 Singh Cake Delight - Order Request Submitted! (#10)
----------------------------------------
HTML Body:

          <div style="font-family: Arial, sans-serif; line-height: 1.6; color: #2D1E17; max-width: 600px; margin: 0 auto; border: 1px solid #e6c5a3; border-radius: 12px; padding: 24px;">
            <div style="text-align: center; border-bottom: 1px solid #e6c5a3; padding-bottom: 16px; margin-bottom: 20px;">
              <h1 style="color: #d946ef; margin: 0; font-family: Georgia, serif;">Singh Cake Delight</h1>
              <p style="margin: 4px 0 0; text-transform: uppercase; font-size: 11px; tracking-wide; color: #8a634e; font-weight: bold;">Pure Eggless Handcrafted Cakes</p>
            </div>
            <h2 style="color: #2D1E17; margin-top: 0;">Order Request Submitted Successfully!</h2>
            <p>Dear <strong>ashish</strong>,</p>
            <p>Thank you for submitting your order request. We have safely recorded your booking in our system. Here are the details:</p>
            
            <div style="background-color: #fcf9f5; border: 1px solid #eedecf; border-radius: 8px; padding: 16px; margin: 20px 0;">
              <table style="width: 100%; border-collapse: collapse;">
                <tr>
                  <td style="padding: 6px 0; font-weight: bold; width: 140px;">Order ID:</td>
                  <td style="padding: 6px 0;">#10</td>
                </tr>
                <tr>
                  <td style="padding: 6px 0; font-weight: bold;">Cake Requested:</td>
                  <td style="padding: 6px 0;">Butterscotch Cake</td>
                </tr>
                <tr>
                  <td style="padding: 6px 0; font-weight: bold;">Pickup Date:</td>
                  <td style="padding: 6px 0; color: #d946ef; font-weight: bold;">30/06/2026</td>
                </tr>
                <tr>
                  <td style="padding: 6px 0; font-weight: bold;">Pickup Time:</td>
                  <td style="padding: 6px 0;">7:56 pm</td>
                </tr>
                <tr>
                  <td style="padding: 6px 0; font-weight: bold; vertical-align: top;">Notes/Requests:</td>
                  <td style="padding: 6px 0;">add surya name on it</td>
                </tr>
              </table>
            </div>

            <div style="border-left: 4px solid #f59e0b; padding-left: 12px; margin: 20px 0;">
              <p style="margin: 0; font-size: 13px; color: #b45309; font-weight: bold;">⚠️ TAKEAWAY ONLY</p>
              <p style="margin: 4px 0 0; font-size: 13px; color: #78350f;">
                We are a home bakery located at <strong>Q/R No. - 8/5, South Colony Road, Kansbahal</strong>. We do NOT provide delivery. Please remember to collect your cake on the scheduled date and time.
              </p>
            </div>

            <p><strong>Next Steps:</strong> We will reach out to you on WhatsApp (<strong>+919877792681</strong>) shortly to finalize details and confirm pricing.</p>
            
            <div style="border-top: 1px solid #e6c5a3; padding-top: 16px; margin-top: 24px; font-size: 12px; text-align: center; color: #8a634e;">
              © 2026 Singh Cake Delight. All rights reserved.<br/>
              Kansbahal, Sundargarh, Odisha - 770034
            </div>
          </div>
        
----------------------------------------
Text Content:

          
            
              Singh Cake Delight
              Pure Eggless Handcrafted Cakes
            
            Order Request Submitted Successfully!
            Dear ashish,
            Thank you for submitting your order request. We have safely recorded your booking in our system. Here are the details:
            
            
              
                
                  Order ID:
                  #10
                
                
                  Cake Requested:
                  Butterscotch Cake
                
                
                  Pickup Date:
                  30/06/2026
                
                
                  Pickup Time:
                  7:56 pm
                
                
                  Notes/Requests:
                  add surya name on it
                
              
            

            
              ⚠️ TAKEAWAY ONLY
              
                We are a home bakery located at Q/R No. - 8/5, South Colony Road, Kansbahal. We do NOT provide delivery. Please remember to collect your cake on the scheduled date and time.
              
            

            Next Steps: We will reach out to you on WhatsApp (+919877792681) shortly to finalize details and confirm pricing.
            
            
              © 2026 Singh Cake Delight. All rights reserved.
              Kansbahal, Sundargarh, Odisha - 770034
            
          
        
========================================
